
> data-orchestration-lab@0.1.0 build
> tsc --noEmit && vite build

vite v8.3.2 building client environment for production...
transforming...
✓ 32 modules transformed.
rendering chunks...
computing gzip size...
dist/index.html                                                     0.56 kB │ gzip:  0.36 kB
dist/assets/ibm-plex-mono-vietnamese-500-normal-C8zxqsMH.woff       5.61 kB
dist/assets/ibm-plex-mono-vietnamese-400-normal-DDuiU_S-.woff       5.62 kB
dist/assets/ibm-plex-mono-cyrillic-ext-500-normal-BIfNGwUT.woff     5.77 kB
dist/assets/ibm-plex-mono-cyrillic-ext-400-normal-DMdlQ8Kv.woff     5.82 kB
dist/assets/ibm-plex-mono-vietnamese-400-normal-BulugwFq.woff2      5.86 kB
dist/assets/ibm-plex-mono-vietnamese-500-normal-DZ4AoWbu.woff2      6.04 kB
dist/assets/ibm-plex-mono-cyrillic-ext-400-normal-xuaO2J-f.woff2    6.91 kB
dist/assets/ibm-plex-mono-cyrillic-ext-500-normal-BqneJy0T.woff2    6.97 kB
dist/assets/ibm-plex-mono-cyrillic-400-normal-CEL4l2ZJ.woff         7.20 kB
dist/assets/ibm-plex-mono-cyrillic-500-normal-Ael50iVv.woff         7.20 kB
dist/assets/ibm-plex-mono-cyrillic-400-normal-BSMlKf0J.woff2        8.35 kB
dist/assets/ibm-plex-mono-cyrillic-500-normal-Bq9vWWag.woff2        8.46 kB
dist/assets/ibm-plex-mono-latin-ext-400-normal-D3D2R8hC.woff       11.76 kB
dist/assets/ibm-plex-mono-latin-ext-500-normal-CZ70TYgx.woff       11.76 kB
dist/assets/ibm-plex-mono-latin-400-normal-CvHOgSBP.woff           13.14 kB
dist/assets/ibm-plex-mono-latin-500-normal-CB9ihrfo.woff           13.15 kB
dist/assets/ibm-plex-mono-latin-ext-400-normal-BmRBH3aV.woff2      13.34 kB
dist/assets/ibm-plex-mono-latin-ext-500-normal-CAhNIIs5.woff2      13.43 kB
dist/assets/ibm-plex-mono-latin-400-normal-DMJ8VG8y.woff2          14.70 kB
dist/assets/ibm-plex-mono-latin-500-normal-DSY6xOcd.woff2          14.88 kB
dist/assets/dm-sans-latin-ext-wght-normal-BOFOeGcA.woff2           18.22 kB
dist/assets/dm-sans-latin-wght-normal-Xz1IZZA0.woff2               36.93 kB
dist/assets/index-B8K8DllY.css                                     34.71 kB │ gzip:  7.84 kB
dist/assets/index-DLjoMhV0.js                                     284.21 kB │ gzip: 87.54 kB

✓ built in 97ms
