✔ independent reversed diamond has stable ready-node definition priority and waits for slow parent (4.321542ms)
✔ independent self-cycle, distant cycle, duplicate edge, unknown edge and duplicate task reject (0.429542ms)
✔ all_success stays WAITING during retry, becomes BLOCKED only after exhausted failure (1.074291ms)
✔ all_done joins wait for a retrying and failed parent to both become terminal (0.681125ms)
✔ one_success starts at first success despite long running other parent (0.725292ms)
✔ skipped/failed parents block one_success but all_done runs; no ninth state appears (0.5ms)
✔ retry release lets another task run; delay is an eligibility boundary under contention (0.613125ms)
✔ timeline names policy delay and capacity waiting truthfully for occupied retry worker (5.673417ms)
✔ timeout retry never magically succeeds when authored duration still exceeds timeout (0.974375ms)
✔ UTC midnight crossing and historical partition preserve logical date and timestamp offset (0.39175ms)
✔ source asset event does not erase task dependencies or daily gate semantics (0.709209ms)
✔ reruns preserve other partitions, input stores and earlier traces for both write modes (7.971583ms)
✔ calendar backfills handle month/year/leap boundaries and exact 31-day range bound (0.356583ms)
✔ append behavior cannot silently turn explicit successful replacement into 200 rows (0.630208ms)
✔ 31 backfill dates with retries obey independent interval sweep global budgets (179.6265ms)
✔ backfill result contains exact replay definition/options including partition-specific failure (6.611ms)
✔ runtime boundary rejects primitive and nested non-record output stores before execution (0.568541ms)
✔ runtime boundary rejects string-valued dependencies even with matching one-letter ID (0.145167ms)
✔ accepted custom engine events satisfy the exported consumer schema (23.6175ms)
✔ model adapter preserves metadata objects without shared references and infers no SQL semantics (0.449833ms)
✔ critical path excludes a skipped parent from nominal one-success candidates (0.997209ms)
✔ critical path excludes a transitively blocked parent from one-success candidates (0.250708ms)
✔ critical path skips inherited latency when all-done follows an immediately disabled task (0.194583ms)
✔ array-valued resource pools cannot exploit key coercion to exceed one shared pool slot (0.185333ms)
ℹ tests 24
ℹ suites 0
ℹ pass 24
ℹ fail 0
ℹ cancelled 0
ℹ skipped 0
ℹ todo 0
ℹ duration_ms 413.224208
